../Core/Src/main.c:120:13:UART_Print	16	static
../Core/Src/main.c:130:13:Show_Menu	8	static
../Core/Src/main.c:146:16:UART_ReadCommand	24	static
../Core/Src/main.c:158:13:PWM_Stop	8	static
../Core/Src/main.c:163:13:PWM_SetFrequency	24	static
../Core/Src/main.c:186:13:Play_Note	16	static
../Core/Src/main.c:192:13:Play_ImperialMarch	16	static
../Core/Src/main.c:264:13:DAC_SetFrequency	32	static
../Core/Src/main.c:280:13:DAC_Silence	8	static
../Core/Src/main.c:291:13:DAC_Play_Note	16	static
../Core/Src/main.c:301:13:Play_HesAPirate	16	static
../Core/Src/main.c:321:5:main	16	static
../Core/Src/main.c:389:6:SystemClock_Config	88	static
../Core/Src/main.c:437:13:MX_DAC_Init	16	static
../Core/Src/main.c:477:13:MX_TIM3_Init	64	static
../Core/Src/main.c:536:13:MX_TIM6_Init	16	static
../Core/Src/main.c:574:13:MX_USART2_UART_Init	8	static
../Core/Src/main.c:605:13:MX_DMA_Init	16	static
../Core/Src/main.c:623:13:MX_GPIO_Init	48	static
../Core/Src/main.c:665:6:Error_Handler	4	static,ignoring_inline_asm
