../Core/Src/main.c:120:13:UART_Print	1
../Core/Src/main.c:130:13:Show_Menu	1
../Core/Src/main.c:146:16:UART_ReadCommand	2
../Core/Src/main.c:158:13:PWM_Stop	1
../Core/Src/main.c:163:13:PWM_SetFrequency	2
../Core/Src/main.c:186:13:Play_Note	1
../Core/Src/main.c:192:13:Play_ImperialMarch	2
../Core/Src/main.c:264:13:DAC_SetFrequency	2
../Core/Src/main.c:280:13:DAC_Silence	2
../Core/Src/main.c:291:13:DAC_Play_Note	2
../Core/Src/main.c:301:13:Play_HesAPirate	2
../Core/Src/main.c:321:5:main	6
../Core/Src/main.c:389:6:SystemClock_Config	3
../Core/Src/main.c:437:13:MX_DAC_Init	3
../Core/Src/main.c:477:13:MX_TIM3_Init	6
../Core/Src/main.c:536:13:MX_TIM6_Init	3
../Core/Src/main.c:574:13:MX_USART2_UART_Init	2
../Core/Src/main.c:605:13:MX_DMA_Init	1
../Core/Src/main.c:623:13:MX_GPIO_Init	1
../Core/Src/main.c:665:6:Error_Handler	1
