../Core/Src/main.c:84:13:LED_Update_J1	24	static
../Core/Src/main.c:94:13:LED_Update_J2	24	static
../Core/Src/main.c:103:13:Display_Digit	24	static
../Core/Src/main.c:128:13:Display_Apagar	8	static
../Core/Src/main.c:134:13:Reset_Game	8	static
../Core/Src/main.c:145:13:Check_Winner	8	static
../Core/Src/main.c:169:13:Countdown_Task	16	static
../Core/Src/main.c:190:6:HAL_GPIO_EXTI_Callback	24	static
../Core/Src/main.c:237:5:main	8	static
../Core/Src/main.c:301:6:SystemClock_Config	88	static
../Core/Src/main.c:349:13:MX_GPIO_Init	48	static
../Core/Src/main.c:431:6:Error_Handler	4	static,ignoring_inline_asm
