../Core/Src/main.c:74:6:HAL_TIM_IC_CaptureCallback	24	static
../Core/Src/main.c:108:6:HAL_TIM_PeriodElapsedCallback	16	static
../Core/Src/main.c:125:5:main	128	static,ignoring_inline_asm
../Core/Src/main.c:224:6:SystemClock_Config	88	static
../Core/Src/main.c:272:13:MX_TIM2_Init	32	static
../Core/Src/main.c:320:13:MX_TIM3_Init	32	static
../Core/Src/main.c:365:13:MX_TIM4_Init	32	static
../Core/Src/main.c:410:13:MX_USART2_UART_Init	8	static
../Core/Src/main.c:443:13:MX_GPIO_Init	48	static
../Core/Src/main.c:479:6:Error_Handler	4	static,ignoring_inline_asm
